Number of rooms: 36 
[6], 
[2, 7], 
[3, 1], 
[2], 
[5], 
[4, 11], 
[12, 7, 0], 
[1, 6], 
[9], 
[8, 15], 
[11, 16], 
[5, 10], 
[13, 6], 
[19, 12], 
[15, 20], 
[21, 9, 16, 14], 
[10, 17, 15], 
[16], 
[24], 
[20, 13], 
[14, 26, 19], 
[15], 
[23], 
[22, 29], 
[18, 25], 
[24, 31], 
[27, 32, 20], 
[28, 26], 
[34, 27], 
[23, 35], 
[31], 
[30, 25, 32], 
[33, 31, 26], 
[32], 
[35, 28], 
[29, 34], 


6  6

1  6
2  2, 7
2  3, 1
1  2
1  5
2  4, 11

3  12, 7, 0
2  1, 6
1  9
2  8, 15
2  11, 16
2  5, 10

2  13, 6
2  19, 12
2  15, 20
4  21, 9, 16, 14
3  10, 17, 15
1  16

1  24
2  20, 13
3  14, 26, 19
1  15
1  23
2  22, 29

2  18, 25
2  24, 31
3  27, 32, 20
2  28, 26
2  34, 27
2  23, 35

1  31
3  30, 25, 32
3  33, 31, 26
1  32
2  35, 28
2  29, 34


0, 6, 12, 13, 19, 20, 26, 27, 28, 34, 35

Number of rooms: 32 
[1, 8], 
[2, 0], 
[10, 1], 
[4], 
[3, 5], 
[4, 13], 
[14, 7], 
[6, 15], 
[16, 0], 
[17], 
[11, 2], 
[19, 12, 10], 
[11], 
[5, 14], 
[13, 6], 
[7, 23], 
[17, 8], 
[9, 16], 
[26], 
[27, 11], 
[21], 
[20, 29], 
[23, 30], 
[15, 22], 
[25], 
[24, 26], 
[18, 25, 27], 
[28, 26, 19], 
[29, 27], 
[30, 21, 28], 
[31, 22, 29], 
[30], 


8  4

2  1, 8
2  2, 0
2  10, 1
1  4
2  3, 5
2  4, 13
2  14, 7
2  6, 15

2  16, 0
1  17
2  11, 2
3  19, 12, 10
1  11
2  5, 14
2  13, 6
2  7, 23

2  17, 8
2  9, 16
1  26
2  27, 11
1  21
2  20, 29
2  23, 30
2  15, 22

1  25
2  24, 26
3  18, 25, 27
3  28, 26, 19
2  29, 27
3  30, 21, 28
3  31, 22, 29
1  30


+-+-+-+-+-+-+-+-+
|     |     |   |
+ +-+ +-+-+ + + +
| | |     |   | |
+ + +-+ +-+-+-+ +
|   | | |   |   |
+-+-+ + +-+ + +-+
|               |
+-+-+-+-+-+-+-+-+


0, 1, 2, 10, 11, 19, 27, 28, 29, 30, 31

+-+-+-+-+-+-+-+-+
|. . .|     |   |
+ +-+ +-+-+ + + +
| | |. .  |   | |
+ + +-+ +-+-+-+ +
|   | |.|   |   |
+-+-+ + +-+ + +-+
|      . . . . .|
+-+-+-+-+-+-+-+-+


4 x 4:
8

8 x 8:
20

16 x 16:
48

32 x 32:
99

64 x 64:
209

+-+-+-+-+-+-+-+-+-+-+-+-+-+-+-+-+-+-+-+-+-+-+-+-+-+-+-+-+-+-+-+-+-+-+-+-+-+-+-+-+-+-+-+-+-+-+-+-+-+-+-+-+-+-+-+-+-+-+-+-+-+-+-+-+-+-+-+-+-+-+-+-+-+-+-+-+-+-+-+-+-+-+-+-+-+-+-+-+-+-+-+-+-+-+-+-+-+-+-+-+
|   | | |   |   |     |   |   |   |         |         |   |     | |             | | |   |   |     |                   |           |     |     | | |       | | | |     |   | |   |   |         |         |
+-+ + + + + + +-+ +-+ + +-+-+ + + + + +-+ + +-+-+ +-+ + +-+ +-+-+ +-+-+-+ +-+-+ + + +-+ + +-+-+-+ + +-+-+-+-+ +-+-+ + +-+ + +-+-+-+-+ +-+-+ +-+ + + + +-+-+ + + +-+ +-+ +-+ +-+ + +-+ +-+ +-+ + +-+-+ +-+
|   | |   | |       | | |     | | | |   | |   |   |   |             | |   | |   |   |   |     |   |   |     | |   | | |   |         |     | |       |     | |   |   |           |   | |   | | | | |   | |
+-+ + +-+ + +-+ +-+ +-+ + +-+-+-+ + + +-+-+-+ + +-+ +-+-+ +-+ +-+-+-+ +-+-+ + +-+-+ +-+ +-+-+ + +-+ +-+ +-+ + + + + +-+ + + +-+-+ +-+-+-+ + +-+ +-+ + +-+-+ + +-+ +-+ +-+-+-+-+ + +-+ +-+-+ + +-+ + +-+ +
| | |     |     |               |   | |   | |     | |       |     |     |   |   | |     |     |     |   |   | | |   |   | | |   | |           | | | | |         |     | | | | |     | |   |             |
+ + +-+ + +-+-+-+ +-+ + +-+-+-+-+ +-+ + + + + +-+-+-+-+-+-+ + + +-+-+-+ +-+ + + + + +-+-+ + + +-+-+-+-+ + +-+ +-+-+-+ +-+ + + +-+-+-+-+ +-+-+-+-+ +-+ +-+-+ +-+ + +-+ + + + + +-+-+-+-+ +-+ +-+ + +-+-+ +
|   |   | |     |   | | | |       |   | |   | |     |     | | | |         |   |   | |   | | |           |     | | | |   | |       |     |       |           |   | |   |     |     | | | | | |   | |   | |
+-+ + + +-+ +-+-+-+ +-+ + +-+-+ +-+-+-+ +-+-+ +-+ +-+-+-+ +-+ +-+-+ +-+-+ +-+ +-+ + + +-+ +-+-+-+-+ + +-+ + + + + + + +-+ +-+ +-+-+-+-+ + +-+-+ + + +-+-+-+-+ +-+ + +-+ +-+-+-+ + + + + + +-+-+ +-+ + + +
|   | | | |   |     | |     | | |           |     |   |   |             |   |   |   |         |     | | | | |     |   |     |   | | | |   |     | | |   |       | | |     | |   | |   |           | |   |
+ +-+ +-+ + +-+-+ + + + +-+-+ + +-+ + +-+-+ +-+ +-+ +-+ +-+-+-+-+ +-+-+-+-+ +-+-+ +-+-+ +-+ +-+ +-+-+-+ + +-+ + +-+-+ + +-+ +-+-+ + + + +-+-+ +-+-+ + +-+ +-+-+ +-+ +-+ + + + + + + + +-+-+-+-+ + + +-+-+
|   | |   |   |   | | | |           | | |   |       |     |     |     |     |   |   |     | | | | |   | | |   |   |   | |           |   | | | |     |   |     |     | | |   |   |   | |   |   | | |   | |
+-+ + + +-+-+ +-+ +-+ +-+-+ +-+ +-+-+-+ +-+-+-+ +-+-+ +-+-+-+ +-+-+ + + +-+-+-+ +-+ +-+ + + + +-+ +-+ + +-+-+-+-+ + + + + +-+-+-+-+ + +-+ + + + +-+ + + +-+ +-+-+-+ + + +-+ + + +-+-+-+-+ +-+ +-+-+ +-+ +
| |     |   |   | |   |   |   |     | |     | |       |     |   |   | |       |   |     | |   |     |     | |     | | |   | |       |     |     | |   |   | |       |   |     |     |   |               |
+ +-+-+ + +-+-+ + +-+ + +-+ +-+-+ +-+ +-+ + + + +-+ +-+ +-+-+ + + + +-+-+ +-+ +-+ + +-+ +-+-+ + +-+-+-+ + + +-+ +-+-+ +-+-+ + + +-+-+ +-+ +-+-+-+ +-+ +-+-+-+ +-+-+ +-+-+ + + +-+ + + +-+-+ +-+ +-+-+ +-+
|         |     | |       |   | | |     | | | | |     |   | | |   |     |   | |     | |     |   |       |     | |     | | |   |     |   | |         |       | |   |   |   | |   | |       |   |     |   |
+-+-+-+-+-+ + +-+ + +-+ +-+-+-+ +-+ +-+ +-+ + + +-+ + + + + +-+ + +-+-+-+ +-+ + +-+-+ + +-+ +-+ +-+ + +-+ + +-+-+ +-+-+ + +-+ + +-+ +-+ +-+-+-+-+ +-+ +-+-+-+-+ + +-+ + +-+-+ +-+-+ +-+-+ +-+-+-+ +-+-+ +
| | |       |   |   | |       | |     | |   |     | |   | | | | |     | | |   | |       |     | |   | | | |     | |       |   |   |   |     |     |   | |       | |   | |     |         | |   | | |   | |
+ + +-+-+-+ +-+-+-+-+ +-+ +-+ + + +-+ + + + +-+-+-+-+-+ + + + +-+ +-+-+-+-+ + +-+-+-+ +-+-+ +-+-+-+-+ + +-+-+ +-+ + + + + +-+-+-+-+-+ + +-+ +-+ +-+ +-+ + +-+ + +-+ + + + +-+ +-+-+ + + +-+ + + + + + + +
|         |   |   |   |     |       | | | | |       |   |       | |   | |   |   |         |   | |     |           | | | | | |         | |     |   | | |     | | |   |   | | | |     | |   | | |   | |   |
+-+-+ + +-+ + +-+ + + + +-+ +-+-+ +-+ + + +-+ +-+-+ +-+ +-+ +-+-+-+ +-+ + +-+-+ +-+ + + +-+-+-+ + + + +-+-+-+-+-+-+ + + +-+ + +-+-+-+-+-+ +-+ + +-+-+ +-+-+-+ + +-+-+ +-+-+ + +-+-+-+ +-+ + +-+-+-+ + +-+
|     |   | |   |   |a  | | |   | | | |       |   | |   |     |         |   |       | |b|   |   | | |   |   |     | | |   |         | |   |     | | |         |   | | |   |   |   |   | | |       | | | |
+ +-+-+ + +-+-+ + +-+-+-+ +-+ +-+-+ + + +-+ +-+ + +-+ + + + +-+ +-+-+ + +-+ +-+-+-+-+-+-+-+ +-+ + +-+-+-+ +-+ +-+-+ +-+ + +-+-+ + + + +-+-+ +-+-+ + + +-+-+ +-+-+ + +-+ +-+ +-+ +-+-+-+ +-+ + +-+ + +-+ +
| |     |       |           |     | | | | | | | |     | | |   | | |   |   |   |   |       | |     |     | | |         | |       | |           |   | | |   | |     |     |   |           |   |   |       |
+ +-+ +-+-+-+-+-+ + +-+ + +-+-+-+ + +-+ + +-+ +-+-+-+-+-+ +-+ + + + +-+-+-+ +-+-+ + + +-+ + + +-+-+-+-+ + + +-+-+-+-+-+ +-+ +-+-+ +-+-+-+-+ +-+-+ + + +-+ +-+-+-+-+ +-+-+ +-+-+-+ + + +-+ + + +-+-+-+-+ +
|   | |       | | | |   | | |       |       | | |       | | |   | |       | |     | | |     |                   | | |     |   |   |b|       |     | |       |   |               | | | |   | |   |       |
+ + + + +-+-+-+ + +-+-+-+-+ +-+-+-+ +-+-+ + +-+ + +-+ + + + +-+ + + +-+-+-+ +-+-+ + + +-+-+-+-+-+-+ + +-+ + +-+-+ + +-+ + + +-+-+-+ + +-+-+-+ +-+-+ + +-+-+ + +-+-+-+-+-+-+-+-+ +-+ +-+-+ + +-+ +-+ +-+-+
| | |   |       |         |   |       |   |   |c|   | |   | |   |     |     | |     |               |   | | |   |     | | | |     | | | |   |     |   | |   | |       |     |       |   | |   | | | |   |
+-+ +-+-+-+-+ +-+ +-+-+ + + + + +-+ +-+-+ +-+ + + +-+-+-+ + + +-+-+-+-+ + + + +-+-+-+-+-+-+ +-+ +-+-+ +-+ +-+ + + +-+ +-+ +-+-+ +-+ + + + + +-+-+ + +-+ + +-+ + + +-+ + +-+-+-+-+ +-+ +-+ +-+ +-+ + + + +
|   |     |     |     | |   | | |       |   | | |     |   | | |         | | |   |         | | | |   |   | |   | |   |   |     |     |     |         |     | |   | |   |         | |     | |   |   |   | |
+ + + +-+ + +-+ +-+ +-+-+-+-+ + + +-+ +-+ +-+-+ + + +-+-+-+ + + +-+-+-+ + +-+ +-+-+-+ +-+ + + + + + +-+ +-+-+ +-+-+ + +-+-+-+ + + + +-+-+ + +-+-+-+ + +-+-+ + + +-+ +-+ +-+-+ +-+ + +-+-+ +-+ +-+ + +-+ +
| | |   |   |         | | | |   |   | | | | |     |   |   |   | |   |   | |   |     |a  |   | | | |         |       |   |     | | | |     | |     | |   |     |   | |     |     |       | |     | | |   |
+ +-+-+ + +-+-+-+-+-+-+ + + +-+ +-+-+ + +-+ + +-+-+ +-+ + + +-+ +-+ + + + + +-+ + + + + + +-+ +-+ +-+-+-+-+-+ +-+-+-+ + +-+-+-+ +-+-+ +-+-+-+-+-+ + +-+ + + +-+ +-+ + +-+-+-+ + +-+-+-+ + + +-+-+ +-+-+ +
|       | |     |     |   |         | |   |   |     | | | |     | | | | | |     | |   | |   |       |     |   |   |   |   |   | | |         |       |     | |   |       |     | |     |   |   |   |     |
+-+ +-+-+ + +-+ + + + +-+ +-+ +-+-+-+-+ +-+-+ + +-+ + + +-+ + +-+ + + +-+-+ + +-+ +-+-+ +-+-+ + +-+ +-+-+ + +-+ + + +-+-+-+ +-+ + + +-+-+ +-+ +-+ +-+-+ +-+ + + + + +-+-+ +-+ +-+ +-+-+-+-+ +-+ +-+ + +-+
|       |   |     | |     | |   |   |     |   |     |   |   |   |         | |   |     |   |   | |         | |   |         |   |   |   | |     | |   |     | |   | | |   |   |   |   | |       | |   | | |
+ +-+-+-+-+-+ +-+-+ +-+-+-+ + +-+ + +-+-+ + +-+-+ +-+-+ +-+-+ +-+-+ +-+-+ +-+-+-+ + + + +-+ +-+ +-+-+-+ +-+ +-+ + + + +-+-+ +-+ +-+-+ + + +-+ + + +-+-+-+-+ +-+-+-+-+ +-+-+ +-+ +-+ + + + +-+ + + +-+-+ +
| |       |   |   |         |     |     |   |   |           | |   | |   | |     | | | | |   | | |   |         | | | | |   | |   |  c|   |   |   |   |   | | |   | | |     | | |   | | | |   | | |     | |
+ +-+-+ +-+-+-+ +-+ +-+-+ +-+-+-+-+-+-+ + +-+ + + +-+-+-+-+ +-+-+ +-+-+ + +-+ + +-+ + +-+ +-+ +-+-+ + +-+-+ + + +-+-+ + + + + + +-+ +-+ +-+-+-+ + +-+ +-+ +-+ +-+ + +-+ + +-+ + +-+ + +-+-+ +-+ +-+-+ + +
|   |       |       | |   | |   |       | |   |         |       |       |   | | |   | |   |       |   | |   | | | | | | |     |     |     |     | |       | |           | |     | | |       |           |
+-+ +-+-+ + + +-+-+-+ +-+-+ + + + +-+ +-+-+ +-+ +-+-+ +-+-+ +-+ + +-+ +-+ +-+-+ + +-+ + + +-+-+ + +-+-+ + + +-+ + + +-+ + +-+-+ +-+ +-+-+ +-+-+ + +-+-+ +-+ + +-+-+-+-+ + +-+ + + + +-+ + + + +-+-+ + + +
| |   | | | |       | | |   | |   |   |     |   |         |   | |   | | |     |     | | | | |   |   |     | |   | |   | | |   |   |   | |   |   |     |       | |       |   | |   | | | | | |     | | | |
+ +-+ + + +-+-+-+ + + + + +-+-+-+-+-+ + +-+-+-+ +-+ +-+ +-+ +-+-+ + + + +-+-+ + +-+ + +-+-+ +-+-+-+ + +-+ + +-+-+ +-+ +-+ +-+ +-+ +-+ + +-+ +-+ +-+-+-+-+ +-+ + +-+-+ +-+-+-+ +-+-+ + + +-+ +-+-+-+-+ +-+
|             |   |   | |     |     | |     |   | | |     | | |   | | |     | |   | |               | |   |   | |       |     | |   | |     | | |       | | | |   | |       | |   |   |   |   | |     | |
+ +-+-+-+-+-+-+-+-+-+ + + +-+ +-+ + + +-+ + +-+ + +-+-+-+ + + +-+ + + + +-+-+ +-+ + + +-+-+-+ +-+-+-+-+-+-+-+ + + +-+ + +-+ +-+ + + + +-+ +-+ +-+ +-+ + + + + +-+ + + +-+-+-+-+ + + + +-+-+-+ + +-+ + + +
|         | |   |       |   | |   | |   | | | |       |   |     | | | |           | | |   | |       | |       | |   | |   | |   | | | |   | |     |   | |   |   |   | | |     | |   |   |   | |   | |   |
+-+-+-+-+ + + + + +-+-+-+ +-+-+-+ +-+ +-+ + + + +-+-+ +-+-+-+-+ +-+ +-+ +-+-+-+ +-+-+ + + + + + +-+-+ +-+ + +-+ + +-+-+-+-+ + +-+-+ +-+-+ + + +-+-+-+ +-+ +-+-+-+ +-+ + +-+-+ +-+ + +-+ + + + + +-+-+-+ +
|           | |                   |       |   |   |   |               |   |       |     | |   |       |   |   |                   |           |             |                 |   |   |   |   |         |
+-+-+-+-+-+-+-+-+-+-+-+-+-+-+-+-+-+-+-+-+-+-+-+-+-+-+-+-+-+-+-+-+-+-+-+-+-+-+-+-+-+-+-+-+-+-+-+-+-+-+-+-+-+-+-+-+-+-+-+-+-+-+-+-+-+-+-+-+-+-+-+-+-+-+-+-+-+-+-+-+-+-+-+-+-+-+-+-+-+-+-+-+-+-+-+-+-+-+-+-+


0, 1, 101, 201, 301, 401, 400, 500, 501, 601, 602, 502, 402, 302, 303, 203, 204, 104, 4, 5, 105, 205, 206, 207, 107, 108, 109, 209, 208, 308, 309, 409, 408, 508, 608, 708, 808, 809, 709, 710, 711, 811, 812, 912, 911, 1011, 1010, 1542, 1442, 1443, 1444, 1544, 1545, 1445, 1345, 1346, 1347, 1348, 1349, 1249, 1248, 1247, 1246, 1146, 1147, 1148, 1048, 948, 949, 950, 850, 750, 751, 651, 652, 752, 753, 853, 854, 954, 955, 956, 856, 756, 757, 758, 658, 558, 458, 358, 258, 259, 159, 160, 260, 360, 460, 461, 561, 562, 563, 564, 565, 665, 664, 663, 763, 764, 765, 865, 866, 966, 965, 964, 963, 962, 1062, 1063, 1064, 1065, 1165, 1166, 1167, 1168, 1169, 1069, 1070, 970, 969, 869, 868, 867, 767, 766, 666, 566, 567, 467, 468, 368, 369, 370, 371, 471, 470, 570, 670, 671, 571, 572, 573, 473, 373, 374, 375, 376, 377, 277, 278, 279, 379, 378, 478, 479, 579, 580, 581, 681, 781, 782, 882, 982, 983, 883, 783, 784, 684, 685, 686, 786, 886, 986, 1086, 1085, 1185, 1184, 1284, 1285, 1286, 1287, 1387, 1388, 1488, 1588, 1589, 1590, 1591, 1691, 1692, 1592, 1492, 1392, 1292, 1192, 1193, 1093, 1094, 1095, 1096, 1196, 1197, 1198, 1199, 1299, 1298, 1297, 1397, 1497, 1498, 1398, 1399, 1499, 1599, 1699, 1698, 1697, 1797, 1796, 1896, 1897, 1898, 1998, 2098, 2198, 2298, 2299, 2399

+-+-+-+-+-+-+-+-+-+-+-+-+-+-+-+-+-+-+-+-+-+-+-+-+-+-+-+-+-+-+-+-+-+-+-+-+-+-+-+-+-+-+-+-+-+-+-+-+-+-+-+-+-+-+-+-+-+-+-+-+-+-+-+-+-+-+-+-+-+-+-+-+-+-+-+-+-+-+-+-+-+-+-+-+-+-+-+-+-+-+-+-+-+-+-+-+-+-+-+-+
|. .| | |. .|   |     |   |   |   |         |         |   |     | |             | | |   |   |     |                   |           |     |     | | |       | | | |     |   | |   |   |         |         |
+-+ + + + + + +-+ +-+ + +-+-+ + + + + +-+ + +-+-+ +-+ + +-+ +-+-+ +-+-+-+ +-+-+ + + +-+ + +-+-+-+ + +-+-+-+-+ +-+-+ + +-+ + +-+-+-+-+ +-+-+ +-+ + + + +-+-+ + + +-+ +-+ +-+ +-+ + +-+ +-+ +-+ + +-+-+ +-+
|  .| |  .|.|  . . .| | |     | | | |   | |   |   |   |             | |   | |   |   |   |     |   |   |     | |   | | |. .|         |     | |       |     | |   |   |           |   | |   | | | | |   | |
+-+ + +-+ + +-+ +-+ +-+ + +-+-+-+ + + +-+-+-+ + +-+ +-+-+ +-+ +-+-+-+ +-+-+ + +-+-+ +-+ +-+-+ + +-+ +-+ +-+ + + + + +-+ + + +-+-+ +-+-+-+ + +-+ +-+ + +-+-+ + +-+ +-+ +-+-+-+-+ + +-+ +-+-+ + +-+ + +-+ +
| |.|  . .|. . .|. .            |   | |   | |     | |       |     |     |   |   | |     |     |     |   |   | | |   |. .|.| |   | |           | | | | |    . . .|     | | | | |     | |   |             |
+ + +-+ + +-+-+-+ +-+ + +-+-+-+-+ +-+ + + + + +-+-+-+-+-+-+ + + +-+-+-+ +-+ + + + + +-+-+ + + +-+-+-+-+ + +-+ +-+-+-+ +-+ + + +-+-+-+-+ +-+-+-+-+ +-+ +-+-+ +-+ + +-+ + + + + +-+-+-+-+ +-+ +-+ + +-+-+ +
|  .|. .| |     |. .| | | |       |   | |   | |     |     | | | |         |   |   | |   | | |           |     | | | |.  |.|       |     |. . . .|  . . . . .|. .| |   |     |     | | | | | |   | |   | |
+-+ + + +-+ +-+-+-+ +-+ + +-+-+ +-+-+-+ +-+-+ +-+ +-+-+-+ +-+ +-+-+ +-+-+ +-+ +-+ + + +-+ +-+-+-+-+ + +-+ + + + + + + +-+ +-+ +-+-+-+-+ + +-+-+ + + +-+-+-+-+ +-+ + +-+ +-+-+-+ + + + + + +-+-+ +-+ + + +
|. .|.| | |   |  . .| |     | | |           |     |   |   |             |   |   |   |         |     | | | | |     |  .|  . .|   | | | |. .|  . .| |.|   |    . .| | |     | |   | |   |           | |   |
+ +-+ +-+ + +-+-+ + + + +-+-+ + +-+ + +-+-+ +-+ +-+ +-+ +-+-+-+-+ +-+-+-+-+ +-+-+ +-+-+ +-+ +-+ +-+-+-+ + +-+ + +-+-+ + +-+ +-+-+ + + + +-+-+ +-+-+ + +-+ +-+-+ +-+ +-+ + + + + + + + +-+-+-+-+ + + +-+-+
|. .|.|   |   |  .| | | |           | | |   |       |     |     |     |     |   |   |     | | | | |   | | |   |   |  .| |  . . . . .|. .| | |.|. . .|   |     |. . .| | |   |   |   | |   |   | | |   | |
+-+ + + +-+-+ +-+ +-+ +-+-+ +-+ +-+-+-+ +-+-+-+ +-+-+ +-+-+-+ +-+-+ + + +-+-+-+ +-+ +-+ + + + +-+ +-+ + +-+-+-+-+ + + + + +-+-+-+-+ + +-+ + + + +-+ + + +-+ +-+-+-+ + + +-+ + + +-+-+-+-+ +-+ +-+-+ +-+ +
| |. .  |   |   |.|   |   |   |     | |     | |       |     |   |   | |       |   |     | |   |     |  . .| |     | |.|   | |  . . .|.    |  . .| |   |   | |      .|   |. . .|     |   |               |
+ +-+-+ + +-+-+ + +-+ + +-+ +-+-+ +-+ +-+ + + + +-+ +-+ +-+-+ + + + +-+-+ +-+ +-+ + +-+ +-+-+ + +-+-+-+ + + +-+ +-+-+ +-+-+ + + +-+-+ +-+ +-+-+-+ +-+ +-+-+-+ +-+-+ +-+-+ + + +-+ + + +-+-+ +-+ +-+-+ +-+
|         |     |.|. . .  |   | | |     | | | | |     |   | | |   |     |   | |     | |     |   |    . .|. .  | |. . .| | |   |. . .|. .| |         |       | |   |. .|. .| |.  | |       |   |     |   |
+-+-+-+-+-+ + +-+ + +-+ +-+-+-+ +-+ +-+ +-+ + + +-+ + + + + +-+ + +-+-+-+ +-+ + +-+-+ + +-+ +-+ +-+ + +-+ + +-+-+ +-+-+ + +-+ + +-+ +-+ +-+-+-+-+ +-+ +-+-+-+-+ + +-+ + +-+-+ +-+-+ +-+-+ +-+-+-+ +-+-+ +
| | |       |   |. .| |. .    | |     | |   |     | |   | | | | |     | | |   | |       |     | |   |.| | |. .  |.|       |   |   |. .|. . .|     |   | |       | |  .|.|    .|         | |   | | |   | |
+ + +-+-+-+ +-+-+-+-+ +-+ +-+ + + +-+ + + + +-+-+-+-+-+ + + + +-+ +-+-+-+-+ + +-+-+-+ +-+-+ +-+-+-+-+ + +-+-+ +-+ + + + + +-+-+-+-+-+ + +-+ +-+ +-+ +-+ + +-+ + +-+ + + + +-+ +-+-+ + + +-+ + + + + + + +
|         |   |   |   |. .  |       | | | | |       |   |       | |   | |   |   |         |   | |. . .|      . . .| | | | | |. . . . .| |  . .|   | | |     | | |   |. .| | |.|     | |   | | |   | |   |
+-+-+ + +-+ + +-+ + + + +-+ +-+-+ +-+ + + +-+ +-+-+ +-+ +-+ +-+-+-+ +-+ + +-+-+ +-+ + + +-+-+-+ + + + +-+-+-+-+-+-+ + + +-+ + +-+-+-+-+-+ +-+ + +-+-+ +-+-+-+ + +-+-+ +-+-+ + +-+-+-+ +-+ + +-+-+-+ + +-+
|     |   | |   |   |A .| | |   | | | |       |   | |   |     |         |   |       | |b|   |   |.| |   |   |     | | |   |  . . . .| |   |. .  | | |         |   | | |   |. .|   |   | | |. . . .| | | |
+ +-+-+ + +-+-+ + +-+-+-+ +-+ +-+-+ + + +-+ +-+ + +-+ + + + +-+ +-+-+ + +-+ +-+-+-+-+-+-+-+ +-+ + +-+-+-+ +-+ +-+-+ +-+ + +-+-+ + + + +-+-+ +-+-+ + + +-+-+ +-+-+ + +-+ +-+ +-+ +-+-+-+ +-+ + +-+ + +-+ +
| |     |       |           |     | | | | | | | |     | | |   | | |   |   |   |   |       | |. . .|     | | |         | |       | |. . . . .  |   | | |   | |     |     |. .|           |. .|   |. . . .|
+ +-+ +-+-+-+-+-+ + +-+ + +-+-+-+ + +-+ + +-+ +-+-+-+-+-+ +-+ + + + +-+-+-+ +-+-+ + + +-+ + + +-+-+-+-+ + + +-+-+-+-+-+ +-+ +-+-+ +-+-+-+-+ +-+-+ + + +-+ +-+-+-+-+ +-+-+ +-+-+-+ + + +-+ + + +-+-+-+-+ +
|   | |       | | | |   | | |       |       | | |       | | |   | |       | |     | | |     |. . . .            | | |     |   |   |b|       |     | |       |   |        . . . .| | | |  .| |   |  . . .|
+ + + + +-+-+-+ + +-+-+-+-+ +-+-+-+ +-+-+ + +-+ + +-+ + + + +-+ + + +-+-+-+ +-+-+ + + +-+-+-+-+-+-+ + +-+ + +-+-+ + +-+ + + +-+-+-+ + +-+-+-+ +-+-+ + +-+-+ + +-+-+-+-+-+-+-+-+ +-+ +-+-+ + +-+ +-+ +-+-+
| | |   |       |         |   |       |   |   |c|   | |   | |   |     |     | |     |      . . . . .|   | | |   |     | | | |     | | | |   |     |   | |   | |       |     |  . .  |   |.|   | | |.|. .|
+-+ +-+-+-+-+ +-+ +-+-+ + + + + +-+ +-+-+ +-+ + + +-+-+-+ + + +-+-+-+-+ + + + +-+-+-+-+-+-+ +-+ +-+-+ +-+ +-+ + + +-+ +-+ +-+-+ +-+ + + + + +-+-+ + +-+ + +-+ + + +-+ + +-+-+-+-+ +-+ +-+ +-+ +-+ + + + +
|   |     |     |     | |   | | |       |   | | |     |   | | |         | | |   |    . . .|.| | |   |   | |   | |   |   |     |     |     |         |     | |   | |   |         |.|     |.|   |   |. .|.|
+ + + +-+ + +-+ +-+ +-+-+-+-+ + + +-+ +-+ +-+-+ + + +-+-+-+ + + +-+-+-+ + +-+ +-+-+-+ +-+ + + + + + +-+ +-+-+ +-+-+ + +-+-+-+ + + + +-+-+ + +-+-+-+ + +-+-+ + + +-+ +-+ +-+-+ +-+ + +-+-+ +-+ +-+ + +-+ +
| | |   |   |         | | | |   |   | | | | |     |   |   |   | |   |   | |   |     |A  |. .| | | |         |       |   |     | | | |     | |     | |   |     |   | |     |     |. . . .|.|     | | |  .|
+ +-+-+ + +-+-+-+-+-+-+ + + +-+ +-+-+ + +-+ + +-+-+ +-+ + + +-+ +-+ + + + + +-+ + + + + + +-+ +-+ +-+-+-+-+-+ +-+-+-+ + +-+-+-+ +-+-+ +-+-+-+-+-+ + +-+ + + +-+ +-+ + +-+-+-+ + +-+-+-+ + + +-+-+ +-+-+ +
|       | |     |     |   |         | |   |   |     | | | |     | | | | | |     | |   | |   |       |     |   |   |   |   |   | | |         |       |     | |   |       |     | |     |. .|   |   |. . .|
+-+ +-+-+ + +-+ + + + +-+ +-+ +-+-+-+-+ +-+-+ + +-+ + + +-+ + +-+ + + +-+-+ + +-+ +-+-+ +-+-+ + +-+ +-+-+ + +-+ + + +-+-+-+ +-+ + + +-+-+ +-+ +-+ +-+-+ +-+ + + + + +-+-+ +-+ +-+ +-+-+-+-+ +-+ +-+ + +-+
|       |   |     | |     | |   |   |     |   |     |   |   |   |         | |   |     |   |   | |         | |   |         |   |   |   | |     | |   |     | |   | | |   |   |   |   | |       | |. .| | |
+ +-+-+-+-+-+ +-+-+ +-+-+-+ + +-+ + +-+-+ + +-+-+ +-+-+ +-+-+ +-+-+ +-+-+ +-+-+-+ + + + +-+ +-+ +-+-+-+ +-+ +-+ + + + +-+-+ +-+ +-+-+ + + +-+ + + +-+-+-+-+ +-+-+-+-+ +-+-+ +-+ +-+ + + + +-+ + + +-+-+ +
| |       |   |   |         |     |     |   |   |           | |   | |   | |     | | | | |   | | |   |         | | | | |   | |   |  c|   |   |   |   |   | | |   | | |     | | |   | | | |   | | |. . .| |
+ +-+-+ +-+-+-+ +-+ +-+-+ +-+-+-+-+-+-+ + +-+ + + +-+-+-+-+ +-+-+ +-+-+ + +-+ + +-+ + +-+ +-+ +-+-+ + +-+-+ + + +-+-+ + + + + + +-+ +-+ +-+-+-+ + +-+ +-+ +-+ +-+ + +-+ + +-+ + +-+ + +-+-+ +-+ +-+-+ + +
|   |       |       | |   | |   |       | |   |         |       |       |   | | |   | |   |       |   | |   | | | | | | |     |     |     |     | |       | |           | |     | | |       |        .  |
+-+ +-+-+ + + +-+-+-+ +-+-+ + + + +-+ +-+-+ +-+ +-+-+ +-+-+ +-+ + +-+ +-+ +-+-+ + +-+ + + +-+-+ + +-+-+ + + +-+ + + +-+ + +-+-+ +-+ +-+-+ +-+-+ + +-+-+ +-+ + +-+-+-+-+ + +-+ + + + +-+ + + + +-+-+ + + +
| |   | | | |       | | |   | |   |   |     |   |         |   | |   | | |     |     | | | | |   |   |     | |   | |   | | |   |   |   | |   |   |     |       | |       |   | |   | | | | | |     | |.| |
+ +-+ + + +-+-+-+ + + + + +-+-+-+-+-+ + +-+-+-+ +-+ +-+ +-+ +-+-+ + + + +-+-+ + +-+ + +-+-+ +-+-+-+ + +-+ + +-+-+ +-+ +-+ +-+ +-+ +-+ + +-+ +-+ +-+-+-+-+ +-+ + +-+-+ +-+-+-+ +-+-+ + + +-+ +-+-+-+-+ +-+
|             |   |   | |     |     | |     |   | | |     | | |   | | |     | |   | |               | |   |   | |       |     | |   | |     | | |       | | | |   | |       | |   |   |   |   | |    .| |
+ +-+-+-+-+-+-+-+-+-+ + + +-+ +-+ + + +-+ + +-+ + +-+-+-+ + + +-+ + + + +-+-+ +-+ + + +-+-+-+ +-+-+-+-+-+-+-+ + + +-+ + +-+ +-+ + + + +-+ +-+ +-+ +-+ + + + + +-+ + + +-+-+-+-+ + + + +-+-+-+ + +-+ + + +
|         | |   |       |   | |   | |   | | | |       |   |     | | | |           | | |   | |       | |       | |   | |   | |   | | | |   | |     |   | |   |   |   | | |     | |   |   |   | |   | |. .|
+-+-+-+-+ + + + + +-+-+-+ +-+-+-+ +-+ +-+ + + + +-+-+ +-+-+-+-+ +-+ +-+ +-+-+-+ +-+-+ + + + + + +-+-+ +-+ + +-+ + +-+-+-+-+ + +-+-+ +-+-+ + + +-+-+-+ +-+ +-+-+-+ +-+ + +-+-+ +-+ + +-+ + + + + +-+-+-+ +
|           | |                   |       |   |   |   |               |   |       |     | |   |       |   |   |                   |           |             |                 |   |   |   |   |        .|
+-+-+-+-+-+-+-+-+-+-+-+-+-+-+-+-+-+-+-+-+-+-+-+-+-+-+-+-+-+-+-+-+-+-+-+-+-+-+-+-+-+-+-+-+-+-+-+-+-+-+-+-+-+-+-+-+-+-+-+-+-+-+-+-+-+-+-+-+-+-+-+-+-+-+-+-+-+-+-+-+-+-+-+-+-+-+-+-+-+-+-+-+-+-+-+-+-+-+-+-+


