2358
3171911
26467
171745
21
13183
1031702
18
133116
275790555
